/home/biprarshi/miniconda3/envs/MLenv/lib/python3.11/site-packages/sklearn/linear_model/_logistic.py:1272: FutureWarning: 'multi_class' was deprecated in version 1.5 and will be removed in 1.7. From then on, it will always use 'multinomial'. Leave it to its default value to avoid this warning.
  warnings.warn(
/home/biprarshi/miniconda3/envs/MLenv/lib/python3.11/site-packages/sklearn/linear_model/_logistic.py:473: ConvergenceWarning: lbfgs failed to converge after 2000 iteration(s) (status=1):
STOP: TOTAL NO. OF ITERATIONS REACHED LIMIT

Increase the number of iterations to improve the convergence (max_iter=2000).
You might also want to scale the data as shown in:
    https://scikit-learn.org/stable/modules/preprocessing.html
Please also refer to the documentation for alternative solver options:
    https://scikit-learn.org/stable/modules/linear_model.html#logistic-regression
  n_iter_i = _check_optimize_result(
======================================================================
MODEL EXTRACTION VERIFICATION (v2 - Three-Tier Metrics)
======================================================================

Model type: Full (3072x256, CIFAR-10)
Architecture: [(256, 3072), (256, 256), (256, 256), (64, 256)]
Ground truth model: /run/media/biprarshi/COMMON/files/AI/hard-label-dnn-extraction/enhanced_codebase/Hard_Label_Work/tiny_stuff/TinyModel_relu.pth
Signature weights path: /run/media/biprarshi/COMMON/files/AI/hard-label-dnn-extraction/enhanced_codebase/Hard_Label_Work/signature_recovery/outputs/model_weights/Vrelu
Sign recovery path: /run/media/biprarshi/COMMON/files/AI/hard-label-dnn-extraction/enhanced_codebase/Hard_Label_Work/results/sign_recovery

======================================================================
LOADING TEST DATA
======================================================================
X_test (Phase-3 training) shape: torch.Size([10000, 3072])
X_test2 (eval-only, seed=99) shape: torch.Size([10000, 3072])

======================================================================
GROUND TRUTH MODEL
======================================================================
Ground Truth (on X_test2) Accuracy: 0.5334 (5334/10000)

======================================================================
RECONSTRUCTING MODEL FROM EXTRACTION
======================================================================

NOTE: Unrecovered neurons use Kaiming/He initialization
      Scaling uses abs(factor) to ensure sign is NOT revealed


--- Layer 0 (256 neurons, 3072 inputs) ---
  Recovered 254/256 neurons (99.2%)
  Using Kaiming/He initialization for 2 unrecovered neurons
  Warning: No signs found for layer 1, using +1 for all
  [Recovered neurons only - three-tier metrics]
    SIGN accuracy:      0.5394
    MAGNITUDE rel err:  0.0000 (median: 0.0000)
    COMBINED rel err:   0.9213 (median: 0.0000)
    Mean |cos sim|:     1.0000
  [All neurons (incl. random init)]
    SIGN accuracy:      0.5430
    COMBINED rel err:   0.9224

--- Layer 1 (256 neurons, 256 inputs) ---
  Recovered 241/256 neurons (94.1%)
  Using Kaiming/He initialization for 15 unrecovered neurons
  Warning: No signs found for layer 2, using +1 for all
  [Recovered neurons only - three-tier metrics]
    SIGN accuracy:      0.5477
    MAGNITUDE rel err:  0.0000 (median: 0.0000)
    COMBINED rel err:   0.9046 (median: 0.0000)
    Mean |cos sim|:     1.0000
  [All neurons (incl. random init)]
    SIGN accuracy:      0.5391
    COMBINED rel err:   3.5301

--- Layer 2 (256 neurons, 256 inputs) ---
  Recovered 0/256 neurons (0.0%)
  Using Kaiming/He initialization for 256 unrecovered neurons
  Warning: No signs found for layer 3, using +1 for all
  [All neurons (incl. random init)]
    SIGN accuracy:      0.5234
    COMBINED rel err:   4.7313

--- Layer 3 (64 neurons, 256 inputs) ---
  Recovered 0/64 neurons (0.0%)
  Using Kaiming/He initialization for 64 unrecovered neurons
  Warning: No signs found for layer 4, using +1 for all
  [All neurons (incl. random init)]
    SIGN accuracy:      0.3750
    COMBINED rel err:   447009.8019

--- Output Layer ---
  Kaiming init (will be LR-fit from oracle labels)

--- Recovery Summary ---
  Total neurons: 832
  Recovered: 495 (59.5%)
  Random init: 337 (40.5%)

======================================================================
BIAS RECOVERY FROM DUAL POINTS (bottom-up)
======================================================================
  [bias-recov] Layer 0: set 254/254 biases from dual points
  [bias-recov] Layer 1: set 241/241 biases from dual points
  [bias-recov] Layer 2: set 0/0 biases from dual points
  [bias-recov] Layer 3: set 0/0 biases from dual points
Pre-sign-search (X_test2) Accuracy: 0.0961 (961/10000)

======================================================================
ORACLE-QUERIES-ONLY SIGN SEARCH
======================================================================
Brute-forcing 2^k sign combos per layer using only hard-label oracle queries on X_test
  [sign-search] starting oracle agreement: 0.0933
  [sign-search] pass 1/3 order=[3, 2, 1, 0]
  [sign-search] Layer 1: 241 recovered neurons — brute force infeasible (2^241), using greedy
  [sign-search] Layer 1: greedy flipped 65/241, agreement 0.1779
  [sign-search] Layer 0: 254 recovered neurons — brute force infeasible (2^254), using greedy
  [sign-search] Layer 0: greedy flipped 26/254, agreement 0.2021
  [sign-search] pass 1 agreement: 0.2021
  [sign-search] pass 2/3 order=[0, 1, 2, 3]
  [sign-search] Layer 0: 254 recovered neurons — brute force infeasible (2^254), using greedy
  [sign-search] Layer 0: greedy flipped 1/254, agreement 0.2022
  [sign-search] Layer 1: 241 recovered neurons — brute force infeasible (2^241), using greedy
  [sign-search] Layer 1: greedy flipped 28/241, agreement 0.2226
  [sign-search] pass 2 agreement: 0.2226
  [sign-search] pass 3/3 order=[3, 2, 1, 0]
  [sign-search] Layer 1: 241 recovered neurons — brute force infeasible (2^241), using greedy
  [sign-search] Layer 1: greedy flipped 6/241, agreement 0.2279
  [sign-search] Layer 0: 254 recovered neurons — brute force infeasible (2^254), using greedy
  [sign-search] Layer 0: greedy flipped 0/254, agreement 0.2279
  [sign-search] pass 3 agreement: 0.2279

======================================================================
OUTPUT LAYER (fc5) RECOVERY via LR on oracle labels
======================================================================
  [fc5-recov] LR fit on 10000 samples (10000 original + augmented), 10 classes seen; LR train acc vs oracle = 0.3813; reconstructed vs oracle on original X_test = 0.3813

======================================================================
ORACLE-LABEL REFINEMENT
======================================================================
  [refine] start agreement=0.3813, frozen recovered weights, n_epochs=1000, lr=0.005
  [refine] epoch 1/1000  loss=1.7454  agreement=0.3967
  [refine] epoch 100/1000  loss=0.4387  agreement=0.8648
  [refine] epoch 200/1000  loss=0.0214  agreement=0.9998
  [refine] epoch 300/1000  loss=0.0049  agreement=1.0000
  [refine] epoch 400/1000  loss=0.0022  agreement=1.0000
  [refine] epoch 500/1000  loss=0.0013  agreement=1.0000
  [refine] epoch 600/1000  loss=0.0009  agreement=1.0000
  [refine] epoch 700/1000  loss=0.0006  agreement=1.0000
  [refine] epoch 800/1000  loss=0.0005  agreement=1.0000
  [refine] epoch 900/1000  loss=0.0004  agreement=1.0000
  [refine] epoch 1000/1000  loss=0.0003  agreement=1.0000

--- Post-sign-search per-layer metrics ---
  layer_0: sign_acc=0.5512  |cos|=1.0000  mag_rel_err=0.0000
  layer_1: sign_acc=0.4938  |cos|=1.0000  mag_rel_err=0.0000

======================================================================
RECONSTRUCTED MODEL EVALUATION (on X_test2 — fresh eval set, seed=99)
======================================================================
Reconstructed (X_test2) Accuracy: 0.4486 (4486/10000)

--- Prediction Comparison (X_test2) ---
Prediction agreement (X_test2): 0.5142

======================================================================
EXTRACTION SUMMARY (Three-Tier Metrics)
======================================================================

--- Per-Layer Metrics (Recovered Neurons Only) ---

layer_0 (254/256 recovered):
  SIGN accuracy:      0.5512
  MAGNITUDE rel err:  0.0000 (median: 0.0000)
  COMBINED rel err:   0.8976 (median: 0.0000)
  Mean |cos sim|:     1.0000

layer_1 (241/256 recovered):
  SIGN accuracy:      0.4938
  MAGNITUDE rel err:  0.0000 (median: 0.0000)
  COMBINED rel err:   1.0124 (median: 2.0000)
  Mean |cos sim|:     1.0000

--- Overall Averages (across layers) ---
  SIGN accuracy:      0.5225
  MAGNITUDE rel err:  0.0000
  COMBINED rel err:   0.9550
  Mean |cos sim|:     1.0000

--- Model Performance ---
Ground truth accuracy: 0.5334
Reconstructed accuracy: 0.4486
Accuracy difference: 0.0848
Prediction agreement: 0.5142

*** EXTRACTION NEEDS IMPROVEMENT ***

======================================================================
SAVING RECONSTRUCTED MODEL
======================================================================
Saved PyTorch model to: /run/media/biprarshi/COMMON/files/AI/hard-label-dnn-extraction/enhanced_codebase/Hard_Label_Work/results/reconstructed_models/reconstructed_full.pth
Saved weights to: /run/media/biprarshi/COMMON/files/AI/hard-label-dnn-extraction/enhanced_codebase/Hard_Label_Work/results/reconstructed_models/reconstructed_full_weights.npz
Saved metrics to: /run/media/biprarshi/COMMON/files/AI/hard-label-dnn-extraction/enhanced_codebase/Hard_Label_Work/results/reconstructed_models/extraction_metrics.json

======================================================================
VERIFICATION COMPLETE
======================================================================
